[    0.000000] Linux version 4.15.0-72-generic (buildd@lcy01-amd64-026) (gcc version 7.4.0 (Ubuntu 7.4.0-1ubuntu1~18.04.1)) #81-Ubuntu SMP Tue Nov 26 12:20:02 UTC 2019 (Ubuntu 4.15.0-72.81-generic 4.15.18)
[    0.000000] Command line: BOOT_IMAGE=/boot/vmlinuz-4.15.0-72-generic root=LABEL=cloudimg-rootfs ro console=tty1 console=ttyS0
[    0.000000] KERNEL supported cpus:
[    0.000000]   Intel GenuineIntel
[    0.000000]   AMD AuthenticAMD
[    0.000000]   Centaur CentaurHauls
[    0.000000] x86/fpu: Supporting XSAVE feature 0x001: 'x87 floating point registers'
[    0.000000] x86/fpu: Supporting XSAVE feature 0x002: 'SSE registers'
[    0.000000] x86/fpu: Supporting XSAVE feature 0x004: 'AVX registers'
[    0.000000] x86/fpu: xstate_offset[2]:  576, xstate_sizes[2]:  256
[    0.000000] x86/fpu: Enabled xstate features 0x7, context size is 832 bytes, using 'standard' format.
[    0.000000] e820: BIOS-provided physical RAM map:
[    0.000000] BIOS-e820: [mem 0x0000000000000000-0x000000000009fbff] usable
[    0.000000] BIOS-e820: [mem 0x000000000009fc00-0x000000000009ffff] reserved
[    0.000000] BIOS-e820: [mem 0x00000000000f0000-0x00000000000fffff] reserved
[    0.000000] BIOS-e820: [mem 0x0000000000100000-0x00000000dffeffff] usable
[    0.000000] BIOS-e820: [mem 0x00000000dfff0000-0x00000000dfffffff] ACPI data
[    0.000000] BIOS-e820: [mem 0x00000000fec00000-0x00000000fec00fff] reserved
[    0.000000] BIOS-e820: [mem 0x00000000fee00000-0x00000000fee00fff] reserved
[    0.000000] BIOS-e820: [mem 0x00000000fffc0000-0x00000000ffffffff] reserved
[    0.000000] BIOS-e820: [mem 0x0000000100000000-0x000000011fffffff] usable
[    0.000000] NX (Execute Disable) protection: active
[    0.000000] SMBIOS 2.5 present.
[    0.000000] DMI: innotek GmbH VirtualBox/VirtualBox, BIOS VirtualBox 12/01/2006
[    0.000000] Hypervisor detected: KVM
[    0.000000] e820: last_pfn = 0x120000 max_arch_pfn = 0x400000000
[    0.000000] MTRR: Disabled
[    0.000000] x86/PAT: MTRRs disabled, skipping PAT initialization too.
[    0.000000] CPU MTRRs all blank - virtualized system.
[    0.000000] x86/PAT: Configuration [0-7]: WB  WT  UC- UC  WB  WT  UC- UC  
[    0.000000] e820: last_pfn = 0xdfff0 max_arch_pfn = 0x400000000
[    0.000000] found SMP MP-table at [mem 0x0009fff0-0x0009ffff]
[    0.000000] Scanning 1 areas for low memory corruption
[    0.000000] RAMDISK: [mem 0x35a71000-0x36d2ffff]
[    0.000000] ACPI: Early table checksum verification disabled
[    0.000000] ACPI: RSDP 0x00000000000E0000 000024 (v02 VBOX  )
[    0.000000] ACPI: XSDT 0x00000000DFFF0030 00003C (v01 VBOX   VBOXXSDT 00000001 ASL  00000061)
[    0.000000] ACPI: FACP 0x00000000DFFF00F0 0000F4 (v04 VBOX   VBOXFACP 00000001 ASL  00000061)
[    0.000000] ACPI: DSDT 0x00000000DFFF0470 0022EA (v02 VBOX   VBOXBIOS 00000002 INTL 20100528)
[    0.000000] ACPI: FACS 0x00000000DFFF0200 000040
[    0.000000] ACPI: FACS 0x00000000DFFF0200 000040
[    0.000000] ACPI: APIC 0x00000000DFFF0240 000054 (v02 VBOX   VBOXAPIC 00000001 ASL  00000061)
[    0.000000] ACPI: SSDT 0x00000000DFFF02A0 0001CC (v01 VBOX   VBOXCPUT 00000002 INTL 20100528)
[    0.000000] No NUMA configuration found
[    0.000000] Faking a node at [mem 0x0000000000000000-0x000000011fffffff]
[    0.000000] NODE_DATA(0) allocated [mem 0x11ffd1000-0x11fffbfff]
[    0.000000] kvm-clock: cpu 0, msr 1:1ff50001, primary cpu clock
[    0.000000] kvm-clock: Using msrs 4b564d01 and 4b564d00
[    0.000000] kvm-clock: using sched offset of 3440105207 cycles
[    0.000000] clocksource: kvm-clock: mask: 0xffffffffffffffff max_cycles: 0x1cd42e4dffb, max_idle_ns: 881590591483 ns
[    0.000000] Zone ranges:
[    0.000000]   DMA      [mem 0x0000000000001000-0x0000000000ffffff]
[    0.000000]   DMA32    [mem 0x0000000001000000-0x00000000ffffffff]
[    0.000000]   Normal   [mem 0x0000000100000000-0x000000011fffffff]
[    0.000000]   Device   empty
[    0.000000] Movable zone start for each node
[    0.000000] Early memory node ranges
[    0.000000]   node   0: [mem 0x0000000000001000-0x000000000009efff]
[    0.000000]   node   0: [mem 0x0000000000100000-0x00000000dffeffff]
[    0.000000]   node   0: [mem 0x0000000100000000-0x000000011fffffff]
[    0.000000] Reserved but unavailable: 98 pages
[    0.000000] Initmem setup node 0 [mem 0x0000000000001000-0x000000011fffffff]
[    0.000000] ACPI: PM-Timer IO Port: 0x4008
[    0.000000] IOAPIC[0]: apic_id 1, version 32, address 0xfec00000, GSI 0-23
[    0.000000] ACPI: INT_SRC_OVR (bus 0 bus_irq 0 global_irq 2 dfl dfl)
[    0.000000] ACPI: INT_SRC_OVR (bus 0 bus_irq 9 global_irq 9 low level)
[    0.000000] Using ACPI (MADT) for SMP configuration information
[    0.000000] smpboot: Allowing 1 CPUs, 0 hotplug CPUs
[    0.000000] PM: Registered nosave memory: [mem 0x00000000-0x00000fff]
[    0.000000] PM: Registered nosave memory: [mem 0x0009f000-0x0009ffff]
[    0.000000] PM: Registered nosave memory: [mem 0x000a0000-0x000effff]
[    0.000000] PM: Registered nosave memory: [mem 0x000f0000-0x000fffff]
[    0.000000] PM: Registered nosave memory: [mem 0xdfff0000-0xdfffffff]
[    0.000000] PM: Registered nosave memory: [mem 0xe0000000-0xfebfffff]
[    0.000000] PM: Registered nosave memory: [mem 0xfec00000-0xfec00fff]
[    0.000000] PM: Registered nosave memory: [mem 0xfec01000-0xfedfffff]
[    0.000000] PM: Registered nosave memory: [mem 0xfee00000-0xfee00fff]
[    0.000000] PM: Registered nosave memory: [mem 0xfee01000-0xfffbffff]
[    0.000000] PM: Registered nosave memory: [mem 0xfffc0000-0xffffffff]
[    0.000000] e820: [mem 0xe0000000-0xfebfffff] available for PCI devices
[    0.000000] Booting paravirtualized kernel on KVM
[    0.000000] clocksource: refined-jiffies: mask: 0xffffffff max_cycles: 0xffffffff, max_idle_ns: 7645519600211568 ns
[    0.000000] random: get_random_bytes called from start_kernel+0x99/0x4fd with crng_init=0
[    0.000000] setup_percpu: NR_CPUS:8192 nr_cpumask_bits:1 nr_cpu_ids:1 nr_node_ids:1
[    0.000000] percpu: Embedded 45 pages/cpu s147456 r8192 d28672 u2097152
[    0.000000] PV qspinlock hash table entries: 256 (order: 0, 4096 bytes)
[    0.000000] Built 1 zonelists, mobility grouping on.  Total pages: 1032057
[    0.000000] Policy zone: Normal
[    0.000000] Kernel command line: BOOT_IMAGE=/boot/vmlinuz-4.15.0-72-generic root=LABEL=cloudimg-rootfs ro console=tty1 console=ttyS0
[    0.000000] Memory: 4014188K/4193848K available (12300K kernel code, 2481K rwdata, 4264K rodata, 2428K init, 2388K bss, 179660K reserved, 0K cma-reserved)
[    0.000000] SLUB: HWalign=64, Order=0-3, MinObjects=0, CPUs=1, Nodes=1
[    0.000000] Kernel/User page tables isolation: enabled
[    0.000000] ftrace: allocating 39318 entries in 154 pages
[    0.004000] Hierarchical RCU implementation.
[    0.004000] 	RCU restricting CPUs from NR_CPUS=8192 to nr_cpu_ids=1.
[    0.004000] 	Tasks RCU enabled.
[    0.004000] RCU: Adjusting geometry for rcu_fanout_leaf=16, nr_cpu_ids=1
[    0.004000] NR_IRQS: 524544, nr_irqs: 256, preallocated irqs: 16
[    0.004000] Console: colour VGA+ 80x25
[    0.004000] console [tty1] enabled
[    0.004000] console [ttyS0] enabled
[    0.004000] ACPI: Core revision 20170831
[    0.004000] ACPI: 2 ACPI AML tables successfully acquired and loaded
[    0.004000] APIC: Switch to symmetric I/O mode setup
[    0.004000] x2apic enabled
[    0.004000] Switched APIC routing to physical x2apic.
[    0.004000] ..TIMER: vector=0x30 apic1=0 pin1=2 apic2=-1 pin2=-1
[    0.004004] tsc: Detected 3095.998 MHz processor
[    0.004798] Calibrating delay loop (skipped) preset value.. 6191.99 BogoMIPS (lpj=12383992)
[    0.008007] pid_max: default: 32768 minimum: 301
[    0.009539] Security Framework initialized
[    0.012006] Yama: becoming mindful.
[    0.012764] AppArmor: AppArmor initialized
[    0.016110] Dentry cache hash table entries: 524288 (order: 10, 4194304 bytes)
[    0.020124] Inode-cache hash table entries: 262144 (order: 9, 2097152 bytes)
[    0.022116] Mount-cache hash table entries: 8192 (order: 4, 65536 bytes)
[    0.023369] Mountpoint-cache hash table entries: 8192 (order: 4, 65536 bytes)
[    0.024223] process: using mwait in idle threads
[    0.025672] Last level iTLB entries: 4KB 64, 2MB 8, 4MB 8
[    0.028006] Last level dTLB entries: 4KB 64, 2MB 0, 4MB 0, 1GB 4
[    0.029165] Spectre V1 : Mitigation: usercopy/swapgs barriers and __user pointer sanitization
[    0.030702] Spectre V2 : Mitigation: Full generic retpoline
[    0.032003] Spectre V2 : Spectre v2 / SpectreRSB mitigation: Filling RSB on context switch
[    0.033401] Speculative Store Bypass: Vulnerable
[    0.034235] MDS: Mitigation: Clear CPU buffers
[    0.048024] Freeing SMP alternatives memory: 36K
[    0.159080] smpboot: CPU0: Intel(R) Core(TM) i7-7920HQ CPU @ 3.10GHz (family: 0x6, model: 0x9e, stepping: 0x9)
[    0.160000] Performance Events: unsupported p6 CPU model 158 no PMU driver, software events only.
[    0.160027] Hierarchical SRCU implementation.
[    0.161225] NMI watchdog: Perf event create on CPU 0 failed with -2
[    0.162243] NMI watchdog: Perf NMI watchdog permanently disabled
[    0.163290] smp: Bringing up secondary CPUs ...
[    0.164003] smp: Brought up 1 node, 1 CPU
[    0.164866] smpboot: Max logical packages: 1
[    0.165932] smpboot: Total of 1 processors activated (6191.99 BogoMIPS)
[    0.168184] devtmpfs: initialized
[    0.168815] x86/mm: Memory block size: 128MB
[    0.172172] evm: security.selinux
[    0.172782] evm: security.SMACK64
[    0.173392] evm: security.SMACK64EXEC
[    0.174418] evm: security.SMACK64TRANSMUTE
[    0.176008] evm: security.SMACK64MMAP
[    0.176701] evm: security.apparmor
[    0.177562] evm: security.ima
[    0.178090] evm: security.capability
[    0.178843] clocksource: jiffies: mask: 0xffffffff max_cycles: 0xffffffff, max_idle_ns: 7645041785100000 ns
[    0.180014] futex hash table entries: 256 (order: 2, 16384 bytes)
[    0.181093] pinctrl core: initialized pinctrl subsystem
[    0.182697] RTC time: 17:43:23, date: 01/08/20
[    0.184080] NET: Registered protocol family 16
[    0.184908] audit: initializing netlink subsys (disabled)
[    0.185910] audit: type=2000 audit(1578505408.820:1): state=initialized audit_enabled=0 res=1
[    0.188091] cpuidle: using governor ladder
[    0.188905] cpuidle: using governor menu
[    0.189613] ACPI: bus type PCI registered
[    0.190300] acpiphp: ACPI Hot Plug PCI Controller Driver version: 0.5
[    0.192055] PCI: Using configuration type 1 for base access
[    0.194032] HugeTLB registered 2.00 MiB page size, pre-allocated 0 pages
[    0.195311] ACPI: Added _OSI(Module Device)
[    0.196007] ACPI: Added _OSI(Processor Device)
[    0.196930] ACPI: Added _OSI(3.0 _SCP Extensions)
[    0.197723] ACPI: Added _OSI(Processor Aggregator Device)
[    0.198621] ACPI: Added _OSI(Linux-Dell-Video)
[    0.200018] ACPI: Added _OSI(Linux-Lenovo-NV-HDMI-Audio)
[    0.200918] ACPI: Added _OSI(Linux-HPI-Hybrid-Graphics)
[    0.202136] ACPI: Executed 1 blocks of module-level executable AML code
[    0.206240] ACPI: Interpreter enabled
[    0.207107] ACPI: (supports S0 S5)
[    0.208024] ACPI: Using IOAPIC for interrupt routing
[    0.209788] PCI: Using host bridge windows from ACPI; if necessary, use "pci=nocrs" and report a bug
[    0.211846] ACPI: Enabled 2 GPEs in block 00 to 07
[    0.219655] ACPI: PCI Root Bridge [PCI0] (domain 0000 [bus 00-ff])
[    0.220013] acpi PNP0A03:00: _OSC: OS supports [ASPM ClockPM Segments MSI]
[    0.221526] acpi PNP0A03:00: _OSC: not requesting OS control; OS requires [ExtendedConfig ASPM ClockPM MSI]
[    0.224032] acpi PNP0A03:00: fail to add MMCONFIG information, can't access extended PCI configuration space under this bridge.
[    0.228399] PCI host bridge to bus 0000:00
[    0.229612] pci_bus 0000:00: root bus resource [io  0x0000-0x0cf7 window]
[    0.230763] pci_bus 0000:00: root bus resource [io  0x0d00-0xffff window]
[    0.232004] pci_bus 0000:00: root bus resource [mem 0x000a0000-0x000bffff window]
[    0.233270] pci_bus 0000:00: root bus resource [mem 0xe0000000-0xfdffffff window]
[    0.234544] pci_bus 0000:00: root bus resource [bus 00-ff]
[    0.238403] pci 0000:00:01.1: legacy IDE quirk: reg 0x10: [io  0x01f0-0x01f7]
[    0.240003] pci 0000:00:01.1: legacy IDE quirk: reg 0x14: [io  0x03f6]
[    0.242813] pci 0000:00:01.1: legacy IDE quirk: reg 0x18: [io  0x0170-0x0177]
[    0.244007] pci 0000:00:01.1: legacy IDE quirk: reg 0x1c: [io  0x0376]
[    0.305662] pci 0000:00:07.0: quirk: [io  0x4000-0x403f] claimed by PIIX4 ACPI
[    0.307283] pci 0000:00:07.0: quirk: [io  0x4100-0x410f] claimed by PIIX4 SMB
[    0.333974] ACPI: PCI Interrupt Link [LNKA] (IRQs 5 9 10 *11)
[    0.336251] ACPI: PCI Interrupt Link [LNKB] (IRQs 5 9 *10 11)
[    0.337810] ACPI: PCI Interrupt Link [LNKC] (IRQs 5 *9 10 11)
[    0.340121] ACPI: PCI Interrupt Link [LNKD] (IRQs 5 9 10 *11)
[    0.342401] SCSI subsystem initialized
[    0.343422] pci 0000:00:02.0: vgaarb: setting as boot VGA device
[    0.344000] pci 0000:00:02.0: vgaarb: VGA device added: decodes=io+mem,owns=io+mem,locks=none
[    0.344007] pci 0000:00:02.0: vgaarb: bridge control possible
[    0.345213] vgaarb: loaded
[    0.348060] ACPI: bus type USB registered
[    0.349215] usbcore: registered new interface driver usbfs
[    0.350237] usbcore: registered new interface driver hub
[    0.352018] usbcore: registered new device driver usb
[    0.353006] EDAC MC: Ver: 3.0.0
[    0.354094] PCI: Using ACPI for IRQ routing
[    0.355183] NetLabel: Initializing
[    0.355814] NetLabel:  domain hash size = 128
[    0.356003] NetLabel:  protocols = UNLABELED CIPSOv4 CALIPSO
[    0.357123] NetLabel:  unlabeled traffic allowed by default
[    0.359418] clocksource: Switched to clocksource kvm-clock
[    0.368952] VFS: Disk quotas dquot_6.6.0
[    0.370031] VFS: Dquot-cache hash table entries: 512 (order 0, 4096 bytes)
[    0.371685] AppArmor: AppArmor Filesystem Enabled
[    0.372986] pnp: PnP ACPI init
[    0.375533] pnp: PnP ACPI: found 3 devices
[    0.383552] clocksource: acpi_pm: mask: 0xffffff max_cycles: 0xffffff, max_idle_ns: 2085701024 ns
[    0.386642] NET: Registered protocol family 2
[    0.388115] TCP established hash table entries: 32768 (order: 6, 262144 bytes)
[    0.390303] TCP bind hash table entries: 32768 (order: 7, 524288 bytes)
[    0.392167] TCP: Hash tables configured (established 32768 bind 32768)
[    0.393495] UDP hash table entries: 2048 (order: 4, 65536 bytes)
[    0.394658] UDP-Lite hash table entries: 2048 (order: 4, 65536 bytes)
[    0.395856] NET: Registered protocol family 1
[    0.396729] pci 0000:00:00.0: Limiting direct PCI/PCI transfers
[    0.397831] pci 0000:00:01.0: Activating ISA DMA hang workarounds
[    0.399016] pci 0000:00:02.0: Video device with shadowed ROM at [mem 0x000c0000-0x000dffff]
[    0.400679] Unpacking initramfs...
[    0.651627] Freeing initrd memory: 19196K
[    0.653497] PCI-DMA: Using software bounce buffering for IO (SWIOTLB)
[    0.654912] software IO TLB: mapped [mem 0xdbff0000-0xdfff0000] (64MB)
[    0.656284] clocksource: tsc: mask: 0xffffffffffffffff max_cycles: 0x2ca082f6619, max_idle_ns: 440795220240 ns
[    0.658194] platform rtc_cmos: registered platform RTC device (no PNP device found)
[    0.659522] Scanning for low memory corruption every 60 seconds
[    0.660957] Initialise system trusted keyrings
[    0.662061] Key type blacklist registered
[    0.663617] workingset: timestamp_bits=36 max_order=20 bucket_order=0
[    0.666135] zbud: loaded
[    0.666981] squashfs: version 4.0 (2009/01/31) Phillip Lougher
[    0.668054] fuse init (API version 7.26)
[    0.671052] Key type asymmetric registered
[    0.673041] Asymmetric key parser 'x509' registered
[    0.674093] Block layer SCSI generic (bsg) driver version 0.4 loaded (major 246)
[    0.676024] io scheduler noop registered
[    0.676734] io scheduler deadline registered
[    0.677501] io scheduler cfq registered (default)
[    0.678900] ACPI: AC Adapter [AC] (on-line)
[    0.679685] input: Power Button as /devices/LNXSYSTM:00/LNXPWRBN:00/input/input0
[    0.681064] ACPI: Power Button [PWRF]
[    0.682047] input: Sleep Button as /devices/LNXSYSTM:00/LNXSLPBN:00/input/input1
[    0.683456] ACPI: Sleep Button [SLPF]
[    0.685212] ACPI: Battery Slot [BAT0] (battery present)
[    0.686202] Serial: 8250/16550 driver, 32 ports, IRQ sharing enabled
[    0.708987] 00:02: ttyS0 at I/O 0x3f8 (irq = 4, base_baud = 115200) is a 16550A
[    0.712176] Linux agpgart interface v0.103
[    0.714027] loop: module loaded
[    0.715908] scsi host0: ata_piix
[    0.716981] scsi host1: ata_piix
[    0.717816] ata1: PATA max UDMA/33 cmd 0x1f0 ctl 0x3f6 bmdma 0xd000 irq 14
[    0.719050] ata2: PATA max UDMA/33 cmd 0x170 ctl 0x376 bmdma 0xd008 irq 15
[    0.721083] libphy: Fixed MDIO Bus: probed
[    0.722341] tun: Universal TUN/TAP device driver, 1.6
[    0.723762] PPP generic driver version 2.4.2
[    0.725221] ehci_hcd: USB 2.0 'Enhanced' Host Controller (EHCI) Driver
[    0.726863] ehci-pci: EHCI PCI platform driver
[    0.728098] ehci-platform: EHCI generic platform driver
[    0.729099] ohci_hcd: USB 1.1 'Open' Host Controller (OHCI) Driver
[    0.730195] ohci-pci: OHCI PCI platform driver
[    0.731016] ohci-platform: OHCI generic platform driver
[    0.731958] uhci_hcd: USB Universal Host Controller Interface driver
[    0.733194] i8042: PNP: PS/2 Controller [PNP0303:PS2K,PNP0f03:PS2M] at 0x60,0x64 irq 1,12
[    0.735040] serio: i8042 KBD port at 0x60,0x64 irq 1
[    0.736462] serio: i8042 AUX port at 0x60,0x64 irq 12
[    0.737393] mousedev: PS/2 mouse device common for all mice
[    0.738891] input: AT Translated Set 2 keyboard as /devices/platform/i8042/serio0/input/input2
[    0.741185] rtc_cmos rtc_cmos: rtc core: registered rtc_cmos as rtc0
[    0.742571] rtc_cmos rtc_cmos: alarms up to one day, 114 bytes nvram
[    0.743818] i2c /dev entries driver
[    0.744545] device-mapper: uevent: version 1.0.3
[    0.746011] device-mapper: ioctl: 4.37.0-ioctl (2017-09-20) initialised: dm-devel@redhat.com
[    0.747861] ledtrig-cpu: registered to indicate activity on CPUs
[    0.749258] intel_pmc_core:  initialized
[    0.750094] NET: Registered protocol family 10
[    0.754973] Segment Routing with IPv6
[    0.756452] NET: Registered protocol family 17
[    0.757789] Key type dns_resolver registered
[    0.758864] mce: Using 0 MCE banks
[    0.759690] RAS: Correctable Errors collector initialized.
[    0.760707] sched_clock: Marking stable (760682310, 0)->(1010769309, -250086999)
[    0.762144] registered taskstats version 1
[    0.763372] Loading compiled-in X.509 certificates
[    0.766075] Loaded X.509 cert 'Build time autogenerated kernel key: f4f7241365689b0cbe3898188e65e316fd8f978d'
[    0.768684] zswap: loaded using pool lzo/zbud
[    0.772227] Key type big_key registered
[    0.773400] Key type trusted registered
[    0.775414] Key type encrypted registered
[    0.776219] AppArmor: AppArmor sha1 policy hashing enabled
[    0.777205] ima: No TPM chip found, activating TPM-bypass! (rc=-19)
[    0.778675] ima: Allocated hash algorithm: sha1
[    0.779516] evm: HMAC attrs: 0x1
[    0.780474]   Magic number: 4:58:744
[    0.781210] rtc_cmos rtc_cmos: setting system clock to 2020-01-08 17:43:24 UTC (1578505404)
[    0.782766] BIOS EDD facility v0.16 2004-Jun-25, 0 devices found
[    0.783864] EDD information not available.
[    0.882133] Freeing unused kernel image memory: 2428K
[    0.892177] Write protecting the kernel read-only data: 20480k
[    0.893499] Freeing unused kernel image memory: 2008K
[    0.894587] Freeing unused kernel image memory: 1880K
[    0.901293] x86/mm: Checked W+X mappings: passed, no W+X pages found.
[    0.903580] x86/mm: Checking user space page tables
[    0.910886] x86/mm: Checked W+X mappings: passed, no W+X pages found.
Loading, please wait...
starting version 237
[    0.996901] e1000: Intel(R) PRO/1000 Network Driver - version 7.3.21-k8-NAPI
[    0.998552] e1000: Copyright (c) 1999-2006 Intel Corporation.
[    1.003259] Fusion MPT base driver 3.04.20
[    1.004257] Copyright (c) 1999-2008 LSI Corporation
[    1.007395] Fusion MPT SPI Host driver 3.04.20
[    1.034087] AVX2 version of gcm_enc/dec engaged.
[    1.035599] AES CTR mode by8 optimization enabled
[    1.214323] input: ImExPS/2 Generic Explorer Mouse as /devices/platform/i8042/serio1/input/input4
[    1.420154] e1000 0000:00:03.0 eth0: (PCI:33MHz:32-bit) 02:98:c1:50:7a:e3
[    1.421907] e1000 0000:00:03.0 eth0: Intel(R) PRO/1000 Network Connection
[    1.424171] mptbase: ioc0: Initiating bringup
[    1.520552] ioc0: LSI53C1030 A0: Capabilities={Initiator}
[    1.762218] scsi host2: ioc0: LSI53C1030 A0, FwRev=00000000h, Ports=1, MaxQ=256, IRQ=20
[    1.929387] scsi 2:0:0:0: Direct-Access     VBOX     HARDDISK         1.0  PQ: 0 ANSI: 5
[    1.931301] scsi target2:0:0: Beginning Domain Validation
[    1.934143] scsi target2:0:0: Domain Validation skipping write tests
[    1.935418] scsi target2:0:0: Ending Domain Validation
[    1.936594] random: fast init done
[    1.937961] scsi target2:0:0: asynchronous
[    1.939850] scsi 2:0:1:0: Direct-Access     VBOX     HARDDISK         1.0  PQ: 0 ANSI: 5
[    1.942037] scsi target2:0:1: Beginning Domain Validation
[    1.945194] scsi target2:0:1: Domain Validation skipping write tests
[    1.947148] scsi target2:0:1: Ending Domain Validation
[    1.948895] scsi target2:0:1: asynchronous
[    1.955747] random: systemd-udevd: uninitialized urandom read (16 bytes read)
[    1.958412] random: systemd-udevd: uninitialized urandom read (16 bytes read)
[    1.961526] sd 2:0:0:0: Attached scsi generic sg0 type 0
[    1.963192] sd 2:0:0:0: [sda] 20971520 512-byte logical blocks: (10.7 GB/10.0 GiB)
[    1.965552] sd 2:0:0:0: [sda] Write Protect is off
[    1.967056] sd 2:0:1:0: [sdb] 20480 512-byte logical blocks: (10.5 MB/10.0 MiB)
[    1.968972] sd 2:0:1:0: [sdb] Write Protect is off
[    1.970142] sd 2:0:1:0: Attached scsi generic sg1 type 0
[    1.971941] sd 2:0:1:0: [sdb] Incomplete mode parameter data
[    1.973504] sd 2:0:1:0: [sdb] Assuming drive cache: write through
[    1.981721] sd 2:0:0:0: [sda] Incomplete mode parameter data
[    1.983330] sd 2:0:0:0: [sda] Assuming drive cache: write through
[    1.985737] random: systemd-udevd: uninitialized urandom read (16 bytes read)
[    1.989441]  sda: sda1
[    1.991477] sd 2:0:1:0: [sdb] Attached SCSI disk
[    2.000134] sd 2:0:0:0: [sda] Attached SCSI disk
[    2.364230] e1000 0000:00:08.0 eth1: (PCI:33MHz:32-bit) 08:00:27:56:41:51
[    2.366078] e1000 0000:00:08.0 eth1: Intel(R) PRO/1000 Network Connection
[    2.368747] e1000 0000:00:08.0 enp0s8: renamed from eth1
[    2.371873] e1000 0000:00:03.0 enp0s3: renamed from eth0
Begin: Loading essential drivers ... [    3.744141] raid6: sse2x1   gen() 12073 MB/s
[    3.796785] raid6: sse2x1   xor()  8550 MB/s
[    3.846835] raid6: sse2x2   gen() 15788 MB/s
[    3.897455] raid6: sse2x2   xor()  9259 MB/s
[    3.944071] raid6: sse2x4   gen() 16509 MB/s
[    3.992512] raid6: sse2x4   xor() 10318 MB/s
[    4.045523] raid6: avx2x1   gen() 27804 MB/s
[    4.096947] raid6: avx2x1   xor() 15961 MB/s
[    4.144472] raid6: avx2x2   gen() 27291 MB/s
[    4.196036] raid6: avx2x2   xor() 12234 MB/s
[    4.244335] raid6: avx2x4   gen() 19252 MB/s
[    4.292388] raid6: avx2x4   xor() 17441 MB/s
[    4.293616] raid6: using algorithm avx2x1 gen() 27804 MB/s
[    4.294547] raid6: .... xor() 15961 MB/s, rmw enabled
[    4.296192] raid6: using avx2x2 recovery algorithm
[    4.298719] xor: automatically using best checksumming function   avx       
[    4.301899] async_tx: api initialized (async)
done.
Begin: Running /scripts/init-premount ... done.
Begin: Mounting root file system ... Begin: Running /scripts/local-top ... done.
Begin: Running /scripts/local-premount ... [    4.351223] Btrfs loaded, crc32c=crc32c-intel
Scanning for Btrfs filesystems
done.
Warning: fsck not present, so skipping root file system
[    4.375716] EXT4-fs (sda1): mounted filesystem with ordered data mode. Opts: (null)
done.
Begin: Running /scripts/local-bottom ... done.
Begin: Running /scripts/init-bottom ... done.
[    4.471313] ip_tables: (C) 2000-2006 Netfilter Core Team
[    4.477420] systemd[1]: systemd 237 running in system mode. (+PAM +AUDIT +SELINUX +IMA +APPARMOR +SMACK +SYSVINIT +UTMP +LIBCRYPTSETUP +GCRYPT +GNUTLS +ACL +XZ +LZ4 +SECCOMP +BLKID +ELFUTILS +KMOD -IDN2 +IDN -PCRE2 default-hierarchy=hybrid)
[    4.481432] systemd[1]: Detected virtualization oracle.
[    4.482795] systemd[1]: Detected architecture x86-64.

Welcome to [1mUbuntu 18.04.3 LTS[0m!

[    4.496777] systemd[1]: Set hostname to <ubuntu>.
[    4.500822] systemd[1]: Initializing machine ID from random generator.
[    4.502870] systemd[1]: Installed transient /etc/machine-id file.
[    4.669054] systemd[1]: Reached target Swap.
[[0;32m  OK  [0m] Reached target Swap.
[    4.671227] systemd[1]: Created slice System Slice.
[[0;32m  OK  [0m] Created slice System Slice.
[    4.672894] systemd[1]: Listening on Journal Socket.
[[0;32m  OK  [0m] Listening on Journal Socket.
[    4.675055] systemd[1]: Starting Remount Root and Kernel File Systems...
         Starting Remount Root and Kernel File Systems...
         Mounting Kernel Debug File System...
[[0;32m  OK  [0m] Listening on LVM2 poll daemon socket.
[[0;32m  OK  [0m] Listening on udev Control Socket.
[[0;32m  OK  [0m] Listening on Device-mapper event daemon FIFOs.
         Starting Set the console keyboard layout...
[[0;32m  OK  [0m] Created slice system-serial\x2dgetty.slice.
[[0;32m  OK  [0m] Created slice User and Session Slice.
[[0;32m  OK  [0m] Reached target Slices.
[    4.726741] EXT4-fs (sda1): re-mounted. Opts: (null)
[[0;32m  OK  [0m] Reached target System Time Synchronized.
[[0;32m  OK  [0m] Listening on udev Kernel Socket.
[[0;32m  OK  [0m] Set up automount Arbitrary Executabâ€¦rmats File System Automount Point.
         Starting udev Coldplug all Devices...
         Starting Load Kernel Modules...
         Mounting Huge Pages File System...
[[0;32m  OK  [0m] Listening on /dev/initctl Compatibility Named Pipe.
[[0;32m  OK  [0m] Listening on Journal Socket (/dev/log).
[[0;32m  OK  [0m] Listening on Syslog Socket.
         Starting Uncomplicated firewall...
         Starting Create list of required stâ€¦ce nodes for the current kernel...
[[0;32m  OK  [0m] Started Forward Password Requests to Wall Directory Watch.
[[0;32m  OK  [0m] Listening on Network Service Netlink Socket.
[    4.821334] Loading iSCSI transport class v2.0-870.
[[0;32m  OK  [0m] Listening on LVM2 metadata daemon socket.
         Starting Monitoring of LVM2 mirrorsâ€¦ng dmeventd or progress polling...
[[0;32m  OK  [0m] Listening on Journal Audit Socket.
         Starting Journal Service...
[    4.832887] iscsi: registered transport (tcp)
         Mounting POSIX Message Queue File System...
[[0;32m  OK  [0m] Reached target User and Group Name Lookups.
[[0;32m  OK  [0m] Started Remount Root and Kernel File Systems.
[[0;32m  OK  [0m] Mounted Kernel Debug File System.
[[0;32m  OK  [0m] Mounted Huge Pages File System.
[[0;32m  OK  [0m] Started Uncomplicated firewall.
[[0;32m  OK  [0m] Started Create list of required staâ€¦vice nodes for the current kernel.
[[0;32m  OK  [0m] Mounted POSIX Message Queue File System.
[[0;32m  OK  [0m] Started LVM2 metadata daemon.
         Starting Create Static Device Nodes in /dev...
         Starting Load/Save Random Seed...
[[0;32m  OK  [0m] Started Create Static Device Nodes in /dev.
[[0;32m  OK  [0m] Started udev Coldplug all Devices.
[    4.954754] iscsi: registered transport (iser)
[[0;32m  OK  [0m] Started Load Kernel Modules.
[[0;32m  OK  [0m] Started Monitoring of LVM2 mirrors,â€¦sing dmeventd or progress polling.
[[0;32m  OK  [0m] Started Load/Save Random Seed.
         Mounting Kernel Configuration File System...
         Starting Apply Kernel Variables...
         Mounting FUSE Control File System...
         Starting udev Kernel Device Manager...
[[0;32m  OK  [0m] Mounted Kernel Configuration File System.
[[0;32m  OK  [0m] Mounted FUSE Control File System.
[[0;32m  OK  [0m] Started Apply Kernel Variables.
[[0;32m  OK  [0m] Started Journal Service.
[[0;32m  OK  [0m] Started udev Kernel Device Manager.
         Starting Flush Journal to Persistent Storage...
[[0;32m  OK  [0m] Started Flush Journal to Persistent Storage.
[[0;32m  OK  [0m] Found device /dev/ttyS0.
[[0;32m  OK  [0m] Listening on Load/Save RF Kill Switch Status /dev/rfkill Watch.
[[0;32m  OK  [0m] Started Set the console keyboard layout.
[[0;32m  OK  [0m] Started Dispatch Password Requests to Console Directory Watch.
[[0;32m  OK  [0m] Reached target Local Encrypted Volumes.
[[0;32m  OK  [0m] Reached target Local File Systems (Pre).
[[0;32m  OK  [0m] Reached target Local File Systems.
         Starting ebtables ruleset management...
         Starting Tell Plymouth To Write Out Runtime Data...
         Starting AppArmor initialization...
         Starting Create Volatile Files and Directories...
         Starting Set console font and keymap...
         Starting Commit a transient machine-id on disk...
[[0;32m  OK  [0m] Started Tell Plymouth To Write Out Runtime Data.
[[0;32m  OK  [0m] Started Set console font and keymap.
[[0;32m  OK  [0m] Started Commit a transient machine-id on disk.
[[0;32m  OK  [0m] Started Create Volatile Files and Directories.
         Starting Update UTMP about System Boot/Shutdown...
[[0;32m  OK  [0m] Started Update UTMP about System Boot/Shutdown.
[[0;32m  OK  [0m] Started ebtables ruleset management.
[[0;32m  OK  [0m] Started AppArmor initialization.
         Starting Initial cloud-init job (pre-networking)...
[    7.776746] cloud-init[612]: Cloud-init v. 19.2-36-g059d049c-0ubuntu2~18.04.1 running 'init-local' at Wed, 08 Jan 2020 17:43:31 +0000. Up 7.49 seconds.
[[0;32m  OK  [0m] Started Initial cloud-init job (pre-networking).
[[0;32m  OK  [0m] Reached target Network (Pre).
         Starting Network Service...
[[0;32m  OK  [0m] Started Network Service.
         Starting Network Name Resolution...
         Starting Wait for Network to be Configured...
[[0;32m  OK  [0m] Started Network Name Resolution.
[[0;32m  OK  [0m] Reached target Host and Network Name Lookups.
[[0;32m  OK  [0m] Reached target Network.
[[0;32m  OK  [0m] Started Wait for Network to be Configured.
         Starting Initial cloud-init job (metadata service crawler)...
[    9.533481] cloud-init[721]: Cloud-init v. 19.2-36-g059d049c-0ubuntu2~18.04.1 running 'init' at Wed, 08 Jan 2020 17:43:33 +0000. Up 9.42 seconds.
[    9.535298] cloud-init[721]: ci-info: ++++++++++++++++++++++++++++++++++++++Net device info+++++++++++++++++++++++++++++++++++++++
[    9.548482] cloud-init[721]: ci-info: +--------+-------+----------------------------+---------------+--------+-------------------+
[    9.549502] cloud-init[721]: ci-info: | Device |   Up  |          Address           |      Mask     | Scope  |     Hw-Address    |
[    9.550626] cloud-init[721]: ci-info: +--------+-------+----------------------------+---------------+--------+-------------------+
[    9.552341] cloud-init[721]: ci-info: | enp0s3 |  True |         10.0.2.15          | 255.255.255.0 | global | 02:98:c1:50:7a:e3 |
[    9.554590] cloud-init[721]: ci-info: | enp0s3 |  True | fe80::98:c1ff:fe50:7ae3/64 |       .       |  link  | 02:98:c1:50:7a:e3 |
[    9.560041] cloud-init[721]: ci-info: | enp0s8 | False |             .              |       .       |   .    | 08:00:27:56:41:51 |
[    9.564112] cloud-init[721]: ci-info: |   lo   |  True |         127.0.0.1          |   255.0.0.0   |  host  |         .         |
[    9.565900] cloud-init[721]: ci-info: |   lo   |  True |          ::1/128           |       .       |  host  |         .         |
[    9.567753] cloud-init[721]: ci-info: +--------+-------+----------------------------+---------------+--------+-------------------+
[    9.570313] cloud-init[721]: ci-info: ++++++++++++++++++++++++++++Route IPv4 info+++++++++++++++++++++++++++++
[    9.574252] cloud-init[721]: ci-info: +-------+-------------+----------+-----------------+-----------+-------+
[    9.575979] cloud-init[721]: ci-info: | Route | Destination | Gateway  |     Genmask     | Interface | Flags |
[    9.579143] cloud-init[721]: ci-info: +-------+-------------+----------+-----------------+-----------+-------+
[    9.580683] cloud-init[721]: ci-info: |   0   |   0.0.0.0   | 10.0.2.2 |     0.0.0.0     |   enp0s3  |   UG  |
[    9.584197] cloud-init[721]: ci-info: |   1   |   10.0.2.0  | 0.0.0.0  |  255.255.255.0  |   enp0s3  |   U   |
[    9.596339] cloud-init[721]: ci-info: |   2   |   10.0.2.2  | 0.0.0.0  | 255.255.255.255 |   enp0s3  |   UH  |
[    9.608157] cloud-init[721]: ci-info: +-------+-------------+----------+-----------------+-----------+-------+
[    9.609932] cloud-init[721]: ci-info: +++++++++++++++++++Route IPv6 info+++++++++++++++++++
[    9.612087] cloud-init[721]: ci-info: +-------+-------------+---------+-----------+-------+
[    9.614789] cloud-init[721]: ci-info: | Route | Destination | Gateway | Interface | Flags |
[    9.616813] cloud-init[721]: ci-info: +-------+-------------+---------+-----------+-------+
[    9.619097] cloud-init[721]: ci-info: |   1   |  fe80::/64  |    ::   |   enp0s3  |   U   |
[    9.622857] cloud-init[721]: ci-info: |   3   |    local    |    ::   |   enp0s3  |   U   |
[    9.624300] cloud-init[721]: ci-info: |   4   |   ff00::/8  |    ::   |   enp0s3  |   U   |
[    9.625630] cloud-init[721]: ci-info: +-------+-------------+---------+-----------+-------+
[   10.013045] cloud-init[721]: Generating public/private rsa key pair.
[   10.014208] cloud-init[721]: Your identification has been saved in /etc/ssh/ssh_host_rsa_key.
[   10.015230] cloud-init[721]: Your public key has been saved in /etc/ssh/ssh_host_rsa_key.pub.
[   10.016411] cloud-init[721]: The key fingerprint is:
[   10.017231] cloud-init[721]: SHA256:MP7RdGz7y4SxXk7T8Icv0AzV5/1QEc0q4DTPycNq7ek root@ubuntu-bionic
[   10.018582] cloud-init[721]: The key's randomart image is:
[   10.020074] cloud-init[721]: +---[RSA 2048]----+
[   10.027050] cloud-init[721]: |               =+|
[   10.027730] cloud-init[721]: |          +.  . *|
[   10.028521] cloud-init[721]: |      o  o.B+o +o|
[   10.029263] cloud-init[721]: |     . o o.oX.o o|
[   10.030002] cloud-init[721]: |      . S .oo*...|
[   10.032070] cloud-init[721]: |       . .o o=o=.|
[   10.046840] cloud-init[721]: |        .. .ooB +|
[   10.056879] cloud-init[721]: |           .o*.+.|
[[0;32m  OK  [0m] Started Initial cloud-init job (metadata service crawler).
[[0;32m  OK  [0m] Reached target Cloud-config availability.
[[0;32m  OK  [0m] Reached target System Initialization.
[[0;32m  OK  [0m] Listening on D-Bus System Message Bus Socket.
[   10.071548] [[0;32m  OK  [0m] Started ACPI Events Check.
[[0;32m  OK  [0m] Listening on Open-iSCSI iscsid Socket.
[[0;32m  OK  [0m] Started Discard unused blocks once a week.
[[0;32m  OK  [0m] Started Daily Cleanup of Temporary Directories.
cloud-init[721]: |           .E +..|
         Starting LXD - unix socket.
[   10.099162] cloud-init[721]: +----[SHA256]-----+
[   10.099933]          Starting Socket activation for snappy daemon.
[[0;32m  OK  [0m] Started Daily apt download activities.
[[0;32m  OK  [0m] Started Daily apt upgrade and clean activities.
[[0;32m  OK  [0m] Listening on UUID daemon activation socket.cloud-init[721]: Generating public/private dsa key pair.
[   10.104929] cloud-init[721]: Your identification has been saved in /etc/ssh/ssh_host_dsa_key.
[   10.106180] cloud-init[721]: Your public key has been saved in /etc/ssh/ssh_host_dsa_key.pub.
[   10.107185] cloud-init[721]: The key fingerprint is:
[   10.107978] cloud-init[721]: SHA256:bBW4zgfSBXCVHzAnTvFzvxTqcrcmF2WUQmNLhBTrxug root@ubuntu-bionic
[   10.109463] cloud-init[721]: The key's randomart image is:
[   10.110285] cloud-init[721]: +---[DSA 1024]----+
[   10.111002] cloud-init[721]: |      ..o+X***  .|
[   10.111729] cloud-init
[[0;32m  OK  [0m] Listening on ACPID Listen Socket.
[[0;32m  OK  [0m] Started Message of the Day.
[[0;32m  OK  [0m] Reached target Timers.
[[0;32m  OK  [0m] Reached target Paths.
[[0;32m  OK  [0m] Reached target Network is Online.
         Starting Availability of block devices...
[[0;32m  OK  [0m] Reached target Remote File Systems (Pre).
[[0;32m  OK  [0m] Reached target Remote File Systems.
[[0;32m  OK  [0m] Listening on Socket activation for snappy daemon.
[[0;32m  OK  [0m] Listening on LXD - unix socket.
[721]: |       ..ooB=.o..|
[   10.128272] cloud-init[721]: |       . ooooooo |
[[0;32m  OK  [0m] Started Availability of block devices.
[[0;32m  OK  [0m] Reached target Sockets.
[[0;32m  OK  [0m] Reached target Basic System.
[[0;32m  OK  [0m] Started FUSE filesystem for LXC.
         Starting Permit User Sessions...
[[0;32m  OK  [0m] Started D-Bus System Message Bus.
[   10.130265] cloud-init[721]: |      ..+.+ .o..+|
[   10.176252] cloud-init[721]: |       +So + . oo|
         Starting Snappy daemon...
[   10.191367] cloud-init         Starting Virtualbox guest utils...
[721]: |       .+ o . ...|
[   10.195683] cloud-init[721]: |         E . o o.|
[   10.197530] cloud-init[721]: |            o..o.|
[   10.198063] cloud-init[721]: |              +. |
[   10.208284] cloud-init[721]: +----[SHA256]-----+
[   10.208859] cloud-init[721]: Generating public/private ecdsa key pair.
[   10.209740] cloud-init[721]: Your identification has been saved in /etc/ssh/ssh_host_ecdsa_key.
[   10.211044] cloud-init[721]: Your public key has been saved in /etc/ssh/ssh_host_ecdsa_key.pub.
[   10.212413] cloud-init[721]: The key fingerprint is:
[   10.215661] cloud-init[721]: SHA256:Oc7Cgs87IRqYIJzuXKm3l/sbs86QzazzsY3RghU2bdI root@ubuntu-bionic
[   10.217424] cloud-init[721]: The key's randomart image is:
[   10.219960] cloud-init[721]: +---[ECDSA 256]---+
[   10.221117] cloud-init[721]: |                 |
[   10.221619] cloud-init[721]: |        o        |
[   10.222649] cloud-init[721]: |. .    = E       |
[   10.223659] cloud-init[721]: |oo    . =.       |
[   10.224169] cloud-init[721]: |=.  .  .S        |
[   10.225120] cloud-init[721]: |+..+..Bo..       |
[   10.225451] cloud-init[721]: |oo+..=+Xo.       |
[   10.228255] cloud-init[721]: |.+ +.=+.@        |
[   10.231242] cloud-init[721]: |  ..*=*X..       |
[   10.234434] cloud-init[721]: +----[SHA256]-----+
[   10.236835] cloud-init[721]: Generating public/private ed25519 key pair.
[   10.241065] cloud-init[721]: Your identification has been saved in /etc/ssh/ssh_host_ed25519_key.
[   10.242768] cloud-init[721]: Your public key has been saved in /etc/ssh/ssh_host_ed25519_key.pub.
[   10.245104] cloud-init[721]: The key fingerprint is:
[   10.248870] cloud-init[721]: SHA256:f7Cw6S8pVRPVHHox7ntPHncsWoJbYtagm7yJ89glz4s root@ubuntu-bionic
[   10.249618] cloud-init[721]: The key's randomart image is:
[   10.250971] cloud-init[721]: +--[ED25519 256]--+
[   10.255726] cloud-init[721]: |           ..o+. |
[   10.256114] cloud-init[721]: |          .  ooo |
[   10.256900] cloud-init[721]: |           .. o  |
         Starting Dispatcher daemon for systemd-networkd...
         Starting Accounts Service...
[   10.281259] cloud-init[721]: |          o  o   |
         Starting LSB: Record successful boot for GRUB...
[   10.295545] cloud-init[721]: |        S.o.  .  |
[[0;32m  OK  [0m] Started Deferred execution scheduler.
[   10.305164] cloud-init[721]: |        .* *   o |
[   10.307537] cloud-init[721]: |       .=.O = +.*|
[   10.308172] cloud-init[721]: |      o*o% = + ==|
         Starting Pollinate to seed the pseudo random number generator...
[[0;32m  OK  [0m] Started irqbalance daemon.
         Starting Login Service...
[   10.329571] cloud-init[721]: |      o+E+*..   o|
[[0;32m  OK  [0m] Started Regular background program processing daemon.
         Starting LSB: automatic crash report generation...
         Starting System Logging Service...
         Starting LXD - container startup/shutdown...
[[0;32m  OK  [0m] Started Permit User Sessions.
[   10.368671] cloud-init[721]: +----[SHA256]-----+
[[0;32m  OK  [0m] Started System Logging Service.
[[0;32m  OK  [0m] Started Login Service.
[[0;32m  OK  [0m] Started Unattended Upgrades Shutdown.
         Starting Authorization Manager...
         Starting Terminate Plymouth Boot Screen...
         Starting Hold until boot process finishes up...
[[0;32m  OK  [0m] Started Hold until boot process finishes up.
[[0;32m  OK  [0m] Started Terminate Plymouth Boot Screen.
[[0;32m  OK  [0m] Started Serial Getty on ttyS0.
         Starting Set console scheme...
[[0;32m  OK  [0m] Started Authorization Manager.
[[0;32m  OK  [0m] Started Accounts Service.
[[0;32m  OK  [0m] Started Set console scheme.
[[0;32m  OK  [0m] Created slice system-getty.slice.
[[0;32m  OK  [0m] Started Getty on tty1.
[[0;32m  OK  [0m] Reached target Login Prompts.
[[0;32m  OK  [0m] Started LXD - container startup/shutdown.
[[0;32m  OK  [0m] Started LSB: automatic crash report generation.
[[0;32m  OK  [0m] Started LSB: Record successful boot for GRUB.
[[0;32m  OK  [0m] Started Virtualbox guest utils.
[[0;32m  OK  [0m] Started Pollinate to seed the pseudo random number generator.
[[0;32m  OK  [0m] Started Dispatcher daemon for systemd-networkd.
         Starting OpenBSD Secure Shell server...
[[0;32m  OK  [0m] Started Snappy daemon.
         Starting Wait until snapd is fully seeded...
[[0;32m  OK  [0m] Started OpenBSD Secure Shell server.
[[0;32m  OK  [0m] Started Wait until snapd is fully seeded.
         Starting Apply the settings specified in cloud-config...
[[0;32m  OK  [0m] Reached target Multi-User System.
[[0;32m  OK  [0m] Reached target Graphical Interface.
         Starting Update UTMP about System Runlevel Changes...
[[0;32m  OK  [0m] Started Update UTMP about System Runlevel Changes.
[[0;32m  OK  [0m] Created slice User Slice of vagrant.
         Starting User Manager for UID 1000...
[[0;32m  OK  [0m] Started Session 1 of user vagrant.
[[0;32m  OK  [0m] Started User Manager for UID 1000.
[   12.343238] cloud-init[1079]: Cloud-init v. 19.2-36-g059d049c-0ubuntu2~18.04.1 running 'modules:config' at Wed, 08 Jan 2020 17:43:35 +0000. Up 11.91 seconds.
[[0;32m  OK  [0m] Started Apply the settings specified in cloud-config.
         Starting Execute cloud user/final scripts...
ci-info: no authorized ssh keys fingerprints found for user ubuntu.
<14>Jan  8 17:43:36 ec2: 
<14>Jan  8 17:43:36 ec2: #############################################################
<14>Jan  8 17:43:36 ec2: -----BEGIN SSH HOST KEY FINGERPRINTS-----
<14>Jan  8 17:43:37 ec2: 1024 SHA256:bBW4zgfSBXCVHzAnTvFzvxTqcrcmF2WUQmNLhBTrxug root@ubuntu-bionic (DSA)
<14>Jan  8 17:43:37 ec2: 256 SHA256:Oc7Cgs87IRqYIJzuXKm3l/sbs86QzazzsY3RghU2bdI root@ubuntu-bionic (ECDSA)
<14>Jan  8 17:43:37 ec2: 256 SHA256:f7Cw6S8pVRPVHHox7ntPHncsWoJbYtagm7yJ89glz4s root@ubuntu-bionic (ED25519)
<14>Jan  8 17:43:37 ec2: 2048 SHA256:MP7RdGz7y4SxXk7T8Icv0AzV5/1QEc0q4DTPycNq7ek root@ubuntu-bionic (RSA)
<14>Jan  8 17:43:37 ec2: -----END SSH HOST KEY FINGERPRINTS-----
<14>Jan  8 17:43:37 ec2: #############################################################
-----BEGIN SSH HOST KEY KEYS-----
ecdsa-sha2-nistp256 AAAAE2VjZHNhLXNoYTItbmlzdHAyNTYAAAAIbmlzdHAyNTYAAABBBBzNIMW0WOabVLJ5cDTwlb4eXpQjF0twf1+sK3xM7uK60invAytLk1Nnp4Z1JcU206mFcRBibnRr6P3MKvWjdhw= root@ubuntu-bionic
ssh-ed25519 AAAAC3NzaC1lZDI1NTE5AAAAIFIvT7YUDQPxkQr7pKXT09AcSJdXwHPxJMEqSjY9SZt2 root@ubuntu-bionic
ssh-rsa AAAAB3NzaC1yc2EAAAADAQABAAABAQCbvppe9RSjmT4xmN4vC1tLYwP7zQPSSa9LZ54mpnb/10W5yq02tV3IUbfHB/6QHANPA6IavJ/e3VR2gGJyQbwo6f6fKdqoPQr3DSNdS53hsRAebsjNr/46WyzavVpv7EaOtAILTtDYxUkIXdkVDmo7Sra1+jaBA2Wn+DrS/dJAFGAfvxNcUlkdVpWGvbMvqgfCeM1JkgGn5W4fx4p43hHqBr4QLPFwEgHtLiaC4Xfv0AlMHyzREBKElGFrCfw3tQ8Jwk5y31oKo3nQXy9wOyHI1ioH2YrxgKntggUliHVt72FOikc6jctoyN3aH8NWn/KYNuyOTJI/y+Oy8pY5NJlB root@ubuntu-bionic
-----END SSH HOST KEY KEYS-----
[   13.331903] cloud-init[1167]: Cloud-init v. 19.2-36-g059d049c-0ubuntu2~18.04.1 running 'modules:final' at Wed, 08 Jan 2020 17:43:36 +0000. Up 13.07 seconds.
[   13.353117] cloud-init[1167]: ci-info: no authorized ssh keys fingerprints found for user ubuntu.
[   13.375272] cloud-init[1167]: Cloud-init v. 19.2-36-g059d049c-0ubuntu2~18.04.1 finished at Wed, 08 Jan 2020 17:43:37 +0000. Datasource DataSourceNoCloud [seed=/dev/sdb][dsmode=net].  Up 13.31 seconds
[[0;32m  OK  [0m] Started Execute cloud user/final scripts.
[[0;32m  OK  [0m] Reached target Cloud-init target.

Ubuntu 18.04.3 LTS ubuntu-bionic ttyS0

ubuntu-bionic login: 